AR alu behavioral C:/Users/DELL/Desktop/VHDL/ALU4/ALU.vhd sub00/vhpl03 1715936813
EN fulladder_ami NULL C:/Users/DELL/Desktop/VHDL/ALU4/fulladder_ami.vhd sub00/vhpl00 1715936810
AR fulladder_ami behavioral C:/Users/DELL/Desktop/VHDL/ALU4/fulladder_ami.vhd sub00/vhpl01 1715936811
EN alu NULL C:/Users/DELL/Desktop/VHDL/ALU4/ALU.vhd sub00/vhpl02 1715936812
